<html>
<body>
<pre>
<h1>µVision Build Log</h1>
<h2>Tool Versions:</h2>
IDE-Version: µVision V5.16a
Copyright (C) 2015 ARM Ltd and ARM Germany GmbH. All rights reserved.
License Information: l yh, bit, LIC=NHY30-BEJGQ-TJ76H-WT8RP-72GW6-WGLQJ
 
Tool Versions:
Toolchain:       MDK-ARM Professional  Version: 5.16a
Toolchain Path:  C:\Keil_v5\ARM\ARMCC\Bin
C Compiler:      Armcc.exe V5.06 (build 20)
Assembler:       Armasm.exe V5.06 (build 20)
Linker/Locator:  ArmLink.exe V5.06 (build 20)
Library Manager: ArmAr.exe V5.06 (build 20)
Hex Converter:   FromElf.exe V5.06 (build 20)
CPU DLL:         SARMCM3.DLL V5.16a
Dialog DLL:      DCM.DLL V1.13.2.0
Target DLL:      lmidk-agdi.dll V???
Dialog DLL:      TCM.DLL V1.14.5.0
 
<h2>Project:</h2>
E:\00MyWorkSpace\tm4c123_rtos\tm4c123bsp\project.uvprojx
Project File Date:  06/24/2020

<h2>Output:</h2>
*** Using Compiler 'V5.06 (build 20)', folder: 'C:\Keil_v5\ARM\ARMCC\Bin'
Rebuild target 'rt-thread'
compiling clock.c...
compiling components.c...
compiling device.c...
compiling idle.c...
compiling irq.c...
compiling ipc.c...
compiling kservice.c...
compiling mem.c...
compiling mempool.c...
compiling object.c...
compiling scheduler.c...
compiling signal.c...
compiling thread.c...
compiling main.c...
compiling timer.c...
assembling startup_rvmdk.S...
compiling tm4c123gh6pz_config.c...
compiling board.c...
compiling drv_gpio.c...
libraries\Drivers\drv_gpio.c(28): warning:  #177-D: variable "pin_irq_hdr_tab" was declared but never referenced
  static struct rt_pin_irq_hdr pin_irq_hdr_tab[] =
libraries\Drivers\drv_gpio.c(49): warning:  #177-D: variable "pin_irq_enable_mask" was declared but never referenced
  static uint32_t pin_irq_enable_mask=0;
libraries\Drivers\drv_gpio.c: 2 warnings, 0 errors
compiling drv_pwm.c...
compiling drv_uart.c...
libraries\Drivers\drv_uart.c(123): warning:  #177-D: variable "ctrl_arg" was declared but never referenced
      rt_ubase_t ctrl_arg = (rt_ubase_t)arg;
libraries\Drivers\drv_uart.c(179): warning:  #550-D: variable "uart" was set but never used
      struct tm4c123_uart *uart;
libraries\Drivers\drv_uart.c(224): warning:  #177-D: variable "recv_total_index" was declared but never referenced
      rt_size_t recv_total_index, recv_len;
libraries\Drivers\drv_uart.c(224): warning:  #177-D: variable "recv_len" was declared but never referenced
      rt_size_t recv_total_index, recv_len;
libraries\Drivers\drv_uart.c(225): warning:  #177-D: variable "level" was declared but never referenced
      rt_base_t level;
libraries\Drivers\drv_uart.c(296): warning:  #177-D: function "tm4c123_uart_get_dma_config" was declared but never referenced
  static void tm4c123_uart_get_dma_config(void)
libraries\Drivers\drv_uart.c: 6 warnings, 0 errors
compiling drv_spi.c...
compiling backtrace.c...
compiling drv_adc.c...
compiling div0.c...
compiling showmem.c...
compiling cpuport.c...
assembling context_rvds.S...
compiling pin.c...
compiling adc.c...
compiling rt_drv_pwm.c...
compiling serial.c...
compiling spi_dev.c...
compiling spi_core.c...
compiling completion.c...
compiling dataqueue.c...
compiling pipe.c...
compiling ringblk_buf.c...
compiling ringbuffer.c...
compiling waitqueue.c...
compiling shell.c...
compiling workqueue.c...
compiling cmd.c...
compiling msh.c...
compiling finsh_error.c...
compiling finsh_compiler.c...
compiling finsh_heap.c...
compiling finsh_init.c...
compiling finsh_node.c...
compiling finsh_var.c...
compiling finsh_ops.c...
compiling finsh_parser.c...
compiling finsh_vm.c...
compiling finsh_token.c...
compiling libc.c...
compiling mem_std.c...
compiling stubs.c...
rt-thread\components\libc\compilers\armlibc\stubs.c(268): warning:  #177-D: variable "stat" was declared but never referenced
      struct stat stat;
rt-thread\components\libc\compilers\armlibc\stubs.c: 1 warning, 0 errors
compiling time.c...
compiling interrupt.c...
compiling systick.c...
compiling sysctl.c...
compiling fpu.c...
compiling cpu.c...
compiling uart.c...
compiling gpio.c...
compiling ssi.c...
compiling pwm.c...
compiling src_adc.c...
linking...
Program Size: Code=57046 RO-data=8450 RW-data=544 ZI-data=3744  
After Build - User command #1: fromelf --bin .\build\keil\Obj\rt-thread.axf --output rtthread.bin
".\build\keil\Obj\rt-thread.axf" - 0 Error(s), 9 Warning(s).

<h2>Collection of Component include folders:</h2>
  E:\00MyWorkSpace\tm4c123_rtos\tm4c123bsp\RTE
  C:\Keil_v5\ARM\PACK\Keil\TM4C_DFP\1.1.0\Device\Include\TM4C123

<h2>Collection of Component Files used:</h2>
Build Time Elapsed:  00:00:15
</pre>
</body>
</html>
